Flow report for CPUProject
Tue Feb 09 21:55:20 2021
Quartus II 64-Bit Version 13.0.1 Build 232 06/12/2013 Service Pack 1 SJ Web Edition


---------------------
; Table of Contents ;
---------------------
  1. Legal Notice
  2. Flow Summary
  3. Flow Settings
  4. Flow Non-Default Global Settings
  5. Flow Elapsed Time
  6. Flow OS Summary
  7. Flow Log
  8. Flow Messages
  9. Flow Suppressed Messages



----------------
; Legal Notice ;
----------------
Copyright (C) 1991-2013 Altera Corporation
Your use of Altera Corporation's design tools, logic functions 
and other software and tools, and its AMPP partner logic 
functions, and any output files from any of the foregoing 
(including device programming or simulation files), and any 
associated documentation or information are expressly subject 
to the terms and conditions of the Altera Program License 
Subscription Agreement, Altera MegaCore Function License 
Agreement, or other applicable license agreement, including, 
without limitation, that your use is for the sole purpose of 
programming logic devices manufactured by Altera and sold by 
Altera or its authorized distributors.  Please refer to the 
applicable agreement for further details.



+--------------------------------------------------------------------------------------+
; Flow Summary                                                                         ;
+------------------------------------+-------------------------------------------------+
; Flow Status                        ; Successful - Tue Feb 09 21:55:20 2021           ;
; Quartus II 64-Bit Version          ; 13.0.1 Build 232 06/12/2013 SP 1 SJ Web Edition ;
; Revision Name                      ; CPUProject                                      ;
; Top-level Entity Name              ; CPUProject                                      ;
; Family                             ; Cyclone IV GX                                   ;
; Total logic elements               ; 5,556 / 109,424 ( 5 % )                         ;
;     Total combinational functions  ; 5,332 / 109,424 ( 5 % )                         ;
;     Dedicated logic registers      ; 1,103 / 109,424 ( 1 % )                         ;
; Total registers                    ; 1103                                            ;
; Total pins                         ; 340 / 426 ( 80 % )                              ;
; Total virtual pins                 ; 0                                               ;
; Total memory bits                  ; 16,384 / 5,621,760 ( < 1 % )                    ;
; Embedded Multiplier 9-bit elements ; 0 / 560 ( 0 % )                                 ;
; Total GXB Receiver Channel PCS     ; 0 / 8 ( 0 % )                                   ;
; Total GXB Receiver Channel PMA     ; 0 / 8 ( 0 % )                                   ;
; Total GXB Transmitter Channel PCS  ; 0 / 8 ( 0 % )                                   ;
; Total GXB Transmitter Channel PMA  ; 0 / 8 ( 0 % )                                   ;
; Total PLLs                         ; 0 / 8 ( 0 % )                                   ;
; Device                             ; EP4CGX110DF27C7                                 ;
; Timing Models                      ; Final                                           ;
+------------------------------------+-------------------------------------------------+


+-----------------------------------------+
; Flow Settings                           ;
+-------------------+---------------------+
; Option            ; Setting             ;
+-------------------+---------------------+
; Start date & time ; 02/09/2021 21:39:57 ;
; Main task         ; Compilation         ;
; Revision Name     ; CPUProject          ;
+-------------------+---------------------+


+---------------------------------------------------------------------------------------------------------------------------------------+
; Flow Non-Default Global Settings                                                                                                      ;
+-------------------------------------+--------------------------------------------------+---------------+-------------+----------------+
; Assignment Name                     ; Value                                            ; Default Value ; Entity Name ; Section Id     ;
+-------------------------------------+--------------------------------------------------+---------------+-------------+----------------+
; COMPILER_SIGNATURE_ID               ; 229521375761563.161289419710116                  ; --            ; --          ; --             ;
; EDA_GENERATE_FUNCTIONAL_NETLIST     ; On                                               ; --            ; --          ; eda_simulation ;
; EDA_OUTPUT_DATA_FORMAT              ; Verilog Hdl                                      ; --            ; --          ; eda_simulation ;
; EDA_SIMULATION_TOOL                 ; ModelSim-Altera (Verilog)                        ; <None>        ; --          ; --             ;
; IP_TOOL_NAME                        ; LPM_MULT                                         ; --            ; --          ; --             ;
; IP_TOOL_NAME                        ; LPM_DIVIDE                                       ; --            ; --          ; --             ;
; IP_TOOL_NAME                        ; LPM_COMPARE                                      ; --            ; --          ; --             ;
; IP_TOOL_NAME                        ; LPM_ADD_SUB                                      ; --            ; --          ; --             ;
; IP_TOOL_NAME                        ; LPM_CLSHIFT                                      ; --            ; --          ; --             ;
; IP_TOOL_NAME                        ; LPM_CLSHIFT                                      ; --            ; --          ; --             ;
; IP_TOOL_NAME                        ; ALTFP_ADD_SUB                                    ; --            ; --          ; --             ;
; IP_TOOL_NAME                        ; ALTFP_MULT                                       ; --            ; --          ; --             ;
; IP_TOOL_NAME                        ; ALTFP_DIV                                        ; --            ; --          ; --             ;
; IP_TOOL_NAME                        ; LPM_MUX                                          ; --            ; --          ; --             ;
; IP_TOOL_NAME                        ; LPM_MUX                                          ; --            ; --          ; --             ;
; IP_TOOL_NAME                        ; LPM_CONSTANT                                     ; --            ; --          ; --             ;
; IP_TOOL_NAME                        ; LPM_CLSHIFT                                      ; --            ; --          ; --             ;
; IP_TOOL_NAME                        ; LPM_CONSTANT                                     ; --            ; --          ; --             ;
; IP_TOOL_NAME                        ; LPM_ADD_SUB                                      ; --            ; --          ; --             ;
; IP_TOOL_NAME                        ; LPM_CLSHIFT                                      ; --            ; --          ; --             ;
; IP_TOOL_NAME                        ; LPM_CONSTANT                                     ; --            ; --          ; --             ;
; IP_TOOL_NAME                        ; ROM: 1-PORT                                      ; --            ; --          ; --             ;
; IP_TOOL_VERSION                     ; 13.0                                             ; --            ; --          ; --             ;
; IP_TOOL_VERSION                     ; 13.0                                             ; --            ; --          ; --             ;
; IP_TOOL_VERSION                     ; 13.0                                             ; --            ; --          ; --             ;
; IP_TOOL_VERSION                     ; 13.0                                             ; --            ; --          ; --             ;
; IP_TOOL_VERSION                     ; 13.0                                             ; --            ; --          ; --             ;
; IP_TOOL_VERSION                     ; 13.0                                             ; --            ; --          ; --             ;
; IP_TOOL_VERSION                     ; 13.0                                             ; --            ; --          ; --             ;
; IP_TOOL_VERSION                     ; 13.0                                             ; --            ; --          ; --             ;
; IP_TOOL_VERSION                     ; 13.0                                             ; --            ; --          ; --             ;
; IP_TOOL_VERSION                     ; 13.0                                             ; --            ; --          ; --             ;
; IP_TOOL_VERSION                     ; 13.0                                             ; --            ; --          ; --             ;
; IP_TOOL_VERSION                     ; 13.0                                             ; --            ; --          ; --             ;
; IP_TOOL_VERSION                     ; 13.0                                             ; --            ; --          ; --             ;
; IP_TOOL_VERSION                     ; 13.0                                             ; --            ; --          ; --             ;
; IP_TOOL_VERSION                     ; 13.0                                             ; --            ; --          ; --             ;
; IP_TOOL_VERSION                     ; 13.0                                             ; --            ; --          ; --             ;
; IP_TOOL_VERSION                     ; 13.0                                             ; --            ; --          ; --             ;
; IP_TOOL_VERSION                     ; 13.0                                             ; --            ; --          ; --             ;
; MISC_FILE                           ; MULT.bsf                                         ; --            ; --          ; --             ;
; MISC_FILE                           ; MULT_bb.v                                        ; --            ; --          ; --             ;
; MISC_FILE                           ; DIV.bsf                                          ; --            ; --          ; --             ;
; MISC_FILE                           ; DIV_bb.v                                         ; --            ; --          ; --             ;
; MISC_FILE                           ; CMP.bsf                                          ; --            ; --          ; --             ;
; MISC_FILE                           ; CMP_bb.v                                         ; --            ; --          ; --             ;
; MISC_FILE                           ; ADDER_SUB.bsf                                    ; --            ; --          ; --             ;
; MISC_FILE                           ; ADDER_SUB_bb.v                                   ; --            ; --          ; --             ;
; MISC_FILE                           ; SHIFT.bsf                                        ; --            ; --          ; --             ;
; MISC_FILE                           ; SHIFT_bb.v                                       ; --            ; --          ; --             ;
; MISC_FILE                           ; ROTATE.bsf                                       ; --            ; --          ; --             ;
; MISC_FILE                           ; ROTATE_bb.v                                      ; --            ; --          ; --             ;
; MISC_FILE                           ; src/FP_COPROCESSOR/FP_ADD_SUB/FP_ADD_SUB.bsf     ; --            ; --          ; --             ;
; MISC_FILE                           ; src/FP_COPROCESSOR/FP_ADD_SUB/FP_ADD_SUB_bb.v    ; --            ; --          ; --             ;
; MISC_FILE                           ; src/FP_COPROCESSOR/FP_MULT/FP_MULT.bsf           ; --            ; --          ; --             ;
; MISC_FILE                           ; src/FP_COPROCESSOR/FP_MULT/FP_MULT_inst.v        ; --            ; --          ; --             ;
; MISC_FILE                           ; src/FP_COPROCESSOR/FP_MULT/FP_MULT_bb.v          ; --            ; --          ; --             ;
; MISC_FILE                           ; src/FP_COPROCESSOR/FP_MULT/FP_MULT.inc           ; --            ; --          ; --             ;
; MISC_FILE                           ; src/FP_COPROCESSOR/FP_MULT/FP_MULT.cmp           ; --            ; --          ; --             ;
; MISC_FILE                           ; src/FP_COPROCESSOR/FP_DIV/FP_DIV.bsf             ; --            ; --          ; --             ;
; MISC_FILE                           ; src/FP_COPROCESSOR/FP_DIV/FP_DIV_bb.v            ; --            ; --          ; --             ;
; MISC_FILE                           ; src/FP_COPROCESSOR/MUX/FP_MUX.bsf                ; --            ; --          ; --             ;
; MISC_FILE                           ; src/FP_COPROCESSOR/MUX/FP_MUX_bb.v               ; --            ; --          ; --             ;
; MISC_FILE                           ; src/PC_MUX/PC_MUX.bsf                            ; --            ; --          ; --             ;
; MISC_FILE                           ; src/PC_MUX/PC_MUX_bb.v                           ; --            ; --          ; --             ;
; MISC_FILE                           ; src/JUMP/CONSTANT/CONSTANT.bsf                   ; --            ; --          ; --             ;
; MISC_FILE                           ; src/JUMP/CONSTANT/CONSTANT_bb.v                  ; --            ; --          ; --             ;
; MISC_FILE                           ; src/JUMP/SHIFT/SHIFT_16BIT.bsf                   ; --            ; --          ; --             ;
; MISC_FILE                           ; src/JUMP/SHIFT/SHIFT_16BIT_bb.v                  ; --            ; --          ; --             ;
; MISC_FILE                           ; src/JUMP/CONSTANT/CONSTANT_18.bsf                ; --            ; --          ; --             ;
; MISC_FILE                           ; src/JUMP/CONSTANT/CONSTANT_18_bb.v               ; --            ; --          ; --             ;
; MISC_FILE                           ; src/JUMP/ADD/ADD.bsf                             ; --            ; --          ; --             ;
; MISC_FILE                           ; src/JUMP/ADD/ADD_bb.v                            ; --            ; --          ; --             ;
; MISC_FILE                           ; src/JUMP/SHIFT/SHIFT_5BIT.bsf                    ; --            ; --          ; --             ;
; MISC_FILE                           ; src/JUMP/SHIFT/SHIFT_5BIT_bb.v                   ; --            ; --          ; --             ;
; MISC_FILE                           ; src/SHIFT2/lpm_constant2.bsf                     ; --            ; --          ; --             ;
; MISC_FILE                           ; src/SHIFT2/lpm_constant2_inst.v                  ; --            ; --          ; --             ;
; MISC_FILE                           ; src/INSTRUCTION_MEMORY/INSTRUCTION_MEMORY_2.bsf  ; --            ; --          ; --             ;
; MISC_FILE                           ; src/INSTRUCTION_MEMORY/INSTRUCTION_MEMORY_2_bb.v ; --            ; --          ; --             ;
; PARTITION_COLOR                     ; 16764057                                         ; --            ; --          ; Top            ;
; PARTITION_FITTER_PRESERVATION_LEVEL ; PLACEMENT_AND_ROUTING                            ; --            ; --          ; Top            ;
; PARTITION_NETLIST_TYPE              ; SOURCE                                           ; --            ; --          ; Top            ;
; PROJECT_OUTPUT_DIRECTORY            ; output_files                                     ; --            ; --          ; --             ;
+-------------------------------------+--------------------------------------------------+---------------+-------------+----------------+


+-------------------------------------------------------------------------------------------------------------------------------+
; Flow Elapsed Time                                                                                                             ;
+---------------------------+--------------+-------------------------+---------------------+------------------------------------+
; Module Name               ; Elapsed Time ; Average Processors Used ; Peak Virtual Memory ; Total CPU Time (on all processors) ;
+---------------------------+--------------+-------------------------+---------------------+------------------------------------+
; Analysis & Synthesis      ; 00:00:38     ; 1.0                     ; 4736 MB             ; 00:00:36                           ;
; Fitter                    ; 00:04:38     ; 1.0                     ; 5182 MB             ; 00:04:21                           ;
; Assembler                 ; 00:00:16     ; 1.0                     ; 4646 MB             ; 00:00:16                           ;
; TimeQuest Timing Analyzer ; 00:00:40     ; 1.0                     ; 5104 MB             ; 00:00:37                           ;
; EDA Netlist Writer        ; 00:00:11     ; 1.0                     ; 4626 MB             ; 00:00:09                           ;
; EDA Netlist Writer        ; 00:00:04     ; 1.0                     ; 4637 MB             ; 00:00:04                           ;
; EDA Netlist Writer        ; 00:00:06     ; 1.0                     ; 4637 MB             ; 00:00:06                           ;
; Total                     ; 00:06:33     ; --                      ; --                  ; 00:06:09                           ;
+---------------------------+--------------+-------------------------+---------------------+------------------------------------+


+----------------------------------------------------------------------------------------+
; Flow OS Summary                                                                        ;
+---------------------------+------------------+-----------+------------+----------------+
; Module Name               ; Machine Hostname ; OS Name   ; OS Version ; Processor type ;
+---------------------------+------------------+-----------+------------+----------------+
; Analysis & Synthesis      ; DESKTOP-RQJU1BN  ; Windows 7 ; 6.2        ; x86_64         ;
; Fitter                    ; DESKTOP-RQJU1BN  ; Windows 7 ; 6.2        ; x86_64         ;
; Assembler                 ; DESKTOP-RQJU1BN  ; Windows 7 ; 6.2        ; x86_64         ;
; TimeQuest Timing Analyzer ; DESKTOP-RQJU1BN  ; Windows 7 ; 6.2        ; x86_64         ;
; EDA Netlist Writer        ; DESKTOP-RQJU1BN  ; Windows 7 ; 6.2        ; x86_64         ;
; EDA Netlist Writer        ; DESKTOP-RQJU1BN  ; Windows 7 ; 6.2        ; x86_64         ;
; EDA Netlist Writer        ; DESKTOP-RQJU1BN  ; Windows 7 ; 6.2        ; x86_64         ;
+---------------------------+------------------+-----------+------------+----------------+


------------
; Flow Log ;
------------
quartus_map --read_settings_files=on --write_settings_files=off CPUProject -c CPUProject
quartus_fit --read_settings_files=off --write_settings_files=off CPUProject -c CPUProject
quartus_asm --read_settings_files=off --write_settings_files=off CPUProject -c CPUProject
quartus_sta CPUProject -c CPUProject
quartus_eda --read_settings_files=off --write_settings_files=off CPUProject -c CPUProject
quartus_eda --gen_testbench --check_outputs=on --tool=modelsim_oem --format=verilog CPUProject -c CPUProject --vector_source=C:/Users/saee_/Desktop/ComputerArchitectureProject-CPU/src/synthesis/Waveform.vwf --testbench_file=./simulation/qsim/CPUProject.vt
quartus_eda --functional=on --simulation=on --tool=modelsim_oem --format=verilog CPUProject -c CPUProject



